app/(tabs)/map.tsx(55,52): error TS2345: Argument of type 'string | undefined' is not assignable to parameter of type 'string'.
  Type 'undefined' is not assignable to type 'string'.
app/(tabs)/map.tsx(158,10): error TS18048: 'store.tags' is possibly 'undefined'.
app/(tabs)/profile.tsx(51,36): error TS18047: 'session' is possibly 'null'.
app/(tabs)/shop.tsx(46,58): error TS18048: 'c.item_count' is possibly 'undefined'.
app/(tabs)/wishlist.tsx(108,10): error TS18048: 'product.discount_percentage' is possibly 'undefined'.
app/product/[id].tsx(98,27): error TS18048: 'product.discount_percentage' is possibly 'undefined'.
app/product/[id].tsx(99,27): error TS18048: 'product.discount_percentage' is possibly 'undefined'.
app/product/[id].tsx(135,12): error TS18048: 'product.discount_percentage' is possibly 'undefined'.
app/product/[id].tsx(206,41): error TS2322: Type 'number | undefined' is not assignable to type 'string'.
  Type 'undefined' is not assignable to type 'string'.
app/product/[id].tsx(208,40): error TS2322: Type 'number | undefined' is not assignable to type 'string'.
  Type 'undefined' is not assignable to type 'string'.
components/ProductListItem.tsx(39,10): error TS18048: 'product.discount_percentage' is possibly 'undefined'.
context/AuthContext.tsx(2,26): error TS2307: Cannot find module '@react-native-async-storage/async-storage' or its corresponding type declarations.
context/CartContext.tsx(2,26): error TS2307: Cannot find module '@react-native-async-storage/async-storage' or its corresponding type declarations.
context/WishlistContext.tsx(2,26): error TS2307: Cannot find module '@react-native-async-storage/async-storage' or its corresponding type declarations.
